// Jest Snapshot v1, https://goo.gl/fbAQLP

exports[`Testing ToolbarComponent should pass the snapshot test 1`] = `
ShallowWrapper {
  "complexSelector": ComplexSelector {
    "buildPredicate": [Function],
    "childrenOfNode": [Function],
    "findWhereUnwrapped": [Function],
  },
  "length": 1,
  "node": <div
    className="ToolbarComponent"
  >
    <h1>
      Options
    </h1>
    <button
      className="action-button action-button-replay"
      disabled={undefined}
      onClick={[Function]}
    >
       
      PLAY SONG
       
    </button>
    <div
      className="ToolbarComponent"
    >
      <button
        className="action-button action-button-save"
        disabled={undefined}
        onClick={[Function]}
      >
         
        SAVE CHANGES
         
      </button>
      <button
        className="action-button action-button-undo"
        disabled={undefined}
        onClick={[Function]}
      >
         
        UNDO CHANGES
         
      </button>
      <button
        className="action-button action-button-delete"
        disabled={undefined}
        onClick={[Function]}
      >
         
        DELETE SONG
         
      </button>
    </div>
  </div>,
  "nodes": Array [
    <div
      className="ToolbarComponent"
    >
      <h1>
        Options
      </h1>
      <button
        className="action-button action-button-replay"
        disabled={undefined}
        onClick={[Function]}
      >
         
        PLAY SONG
         
      </button>
      <div
        className="ToolbarComponent"
      >
        <button
          className="action-button action-button-save"
          disabled={undefined}
          onClick={[Function]}
        >
           
          SAVE CHANGES
           
        </button>
        <button
          className="action-button action-button-undo"
          disabled={undefined}
          onClick={[Function]}
        >
           
          UNDO CHANGES
           
        </button>
        <button
          className="action-button action-button-delete"
          disabled={undefined}
          onClick={[Function]}
        >
           
          DELETE SONG
           
        </button>
      </div>
    </div>,
  ],
  "options": Object {},
  "renderer": ReactShallowRenderer {
    "_instance": ShallowComponentWrapper {
      "_calledComponentWillUnmount": false,
      "_compositeType": 2,
      "_context": Object {},
      "_currentElement": <ToolbarComponent
        data={Array []}
        onClear={[Function]}
        onDelete={[Function]}
        onReplay={[Function]}
        onSave={[Function]}
        song={
          Object {
            "id": 101,
            "info": Object {
              "description": "just some song",
              "title": "abacus",
            },
            "melody": Array [
              Array [
                "C5",
                0,
                0,
                0,
                0,
                0,
                0,
                0,
                "C5",
                0,
                0,
                0,
                0,
                0,
                0,
                0,
              ],
              Array [
                0,
                0,
                0,
                0,
                0,
                0,
                0,
                "D4",
                "D4",
                "D4",
                0,
                0,
                0,
                0,
                0,
                0,
              ],
              Array [
                0,
                0,
                0,
                0,
                0,
                0,
                "E4",
                0,
                "E4",
                0,
                "E4",
                0,
                0,
                0,
                0,
                0,
              ],
              Array [
                0,
                0,
                0,
                0,
                0,
                "F4",
                0,
                0,
                "F4",
                0,
                0,
                "F4",
                0,
                0,
                0,
                0,
              ],
              Array [
                0,
                0,
                0,
                0,
                "G4",
                0,
                0,
                0,
                "G4",
                0,
                0,
                0,
                "G4",
                0,
                0,
                0,
              ],
              Array [
                0,
                0,
                0,
                0,
                0,
                0,
                0,
                0,
                "A4",
                0,
                0,
                0,
                0,
                0,
                0,
                0,
              ],
              Array [
                0,
                0,
                0,
                0,
                0,
                0,
                0,
                0,
                "B4",
                0,
                0,
                0,
                0,
                0,
                0,
                0,
              ],
              Array [
                0,
                0,
                0,
                0,
                0,
                0,
                0,
                0,
                "C4",
                0,
                0,
                0,
                0,
                0,
                0,
                0,
              ],
              Array [
                0,
                0,
                0,
                0,
                0,
                0,
                0,
                0,
                "D3",
                0,
                0,
                0,
                0,
                0,
                0,
                0,
              ],
              Array [
                0,
                0,
                0,
                0,
                0,
                0,
                0,
                0,
                "E3",
                0,
                0,
                0,
                0,
                0,
                0,
                0,
              ],
              Array [
                0,
                0,
                0,
                0,
                0,
                0,
                0,
                0,
                "F3",
                0,
                0,
                0,
                0,
                0,
                0,
                0,
              ],
              Array [
                0,
                0,
                0,
                0,
                0,
                0,
                0,
                0,
                "G3",
                0,
                0,
                0,
                0,
                0,
                0,
                0,
              ],
              Array [
                0,
                0,
                0,
                0,
                0,
                0,
                0,
                0,
                "A3",
                0,
                0,
                0,
                0,
                0,
                0,
                0,
              ],
              Array [
                0,
                0,
                0,
                0,
                0,
                0,
                0,
                0,
                "B3",
                0,
                0,
                0,
                0,
                0,
                0,
                0,
              ],
              Array [
                0,
                0,
                0,
                0,
                0,
                0,
                0,
                0,
                "C3",
                0,
                0,
                0,
                0,
                0,
                0,
                0,
              ],
            ],
          }
        }
        songId={101}
      />,
      "_debugID": 1,
      "_hostContainerInfo": null,
      "_hostParent": null,
      "_instance": StatelessComponent {
        "_reactInternalInstance": [Circular],
        "context": Object {},
        "props": Object {
          "data": Array [],
          "onClear": [Function],
          "onDelete": [Function],
          "onReplay": [Function],
          "onSave": [Function],
          "song": Object {
            "id": 101,
            "info": Object {
              "description": "just some song",
              "title": "abacus",
            },
            "melody": Array [
              Array [
                "C5",
                0,
                0,
                0,
                0,
                0,
                0,
                0,
                "C5",
                0,
                0,
                0,
                0,
                0,
                0,
                0,
              ],
              Array [
                0,
                0,
                0,
                0,
                0,
                0,
                0,
                "D4",
                "D4",
                "D4",
                0,
                0,
                0,
                0,
                0,
                0,
              ],
              Array [
                0,
                0,
                0,
                0,
                0,
                0,
                "E4",
                0,
                "E4",
                0,
                "E4",
                0,
                0,
                0,
                0,
                0,
              ],
              Array [
                0,
                0,
                0,
                0,
                0,
                "F4",
                0,
                0,
                "F4",
                0,
                0,
                "F4",
                0,
                0,
                0,
                0,
              ],
              Array [
                0,
                0,
                0,
                0,
                "G4",
                0,
                0,
                0,
                "G4",
                0,
                0,
                0,
                "G4",
                0,
                0,
                0,
              ],
              Array [
                0,
                0,
                0,
                0,
                0,
                0,
                0,
                0,
                "A4",
                0,
                0,
                0,
                0,
                0,
                0,
                0,
              ],
              Array [
                0,
                0,
                0,
                0,
                0,
                0,
                0,
                0,
                "B4",
                0,
                0,
                0,
                0,
                0,
                0,
                0,
              ],
              Array [
                0,
                0,
                0,
                0,
                0,
                0,
                0,
                0,
                "C4",
                0,
                0,
                0,
                0,
                0,
                0,
                0,
              ],
              Array [
                0,
                0,
                0,
                0,
                0,
                0,
                0,
                0,
                "D3",
                0,
                0,
                0,
                0,
                0,
                0,
                0,
              ],
              Array [
                0,
                0,
                0,
                0,
                0,
                0,
                0,
                0,
                "E3",
                0,
                0,
                0,
                0,
                0,
                0,
                0,
              ],
              Array [
                0,
                0,
                0,
                0,
                0,
                0,
                0,
                0,
                "F3",
                0,
                0,
                0,
                0,
                0,
                0,
                0,
              ],
              Array [
                0,
                0,
                0,
                0,
                0,
                0,
                0,
                0,
                "G3",
                0,
                0,
                0,
                0,
                0,
                0,
                0,
              ],
              Array [
                0,
                0,
                0,
                0,
                0,
                0,
                0,
                0,
                "A3",
                0,
                0,
                0,
                0,
                0,
                0,
                0,
              ],
              Array [
                0,
                0,
                0,
                0,
                0,
                0,
                0,
                0,
                "B3",
                0,
                0,
                0,
                0,
                0,
                0,
                0,
              ],
              Array [
                0,
                0,
                0,
                0,
                0,
                0,
                0,
                0,
                "C3",
                0,
                0,
                0,
                0,
                0,
                0,
                0,
              ],
            ],
          },
          "songId": 101,
        },
        "refs": Object {},
        "state": null,
        "updater": Object {
          "enqueueCallback": [Function],
          "enqueueCallbackInternal": [Function],
          "enqueueElementInternal": [Function],
          "enqueueForceUpdate": [Function],
          "enqueueReplaceState": [Function],
          "enqueueSetState": [Function],
          "isMounted": [Function],
          "validateCallback": [Function],
        },
      },
      "_mountOrder": 1,
      "_pendingCallbacks": null,
      "_pendingElement": null,
      "_pendingForceUpdate": false,
      "_pendingReplaceState": false,
      "_pendingStateQueue": null,
      "_renderedComponent": NoopInternalComponent {
        "_currentElement": <div
          className="ToolbarComponent"
        >
          <h1>
            Options
          </h1>
          <button
            className="action-button action-button-replay"
            disabled={undefined}
            onClick={[Function]}
          >
             
            PLAY SONG
             
          </button>
          <div
            className="ToolbarComponent"
          >
            <button
              className="action-button action-button-save"
              disabled={undefined}
              onClick={[Function]}
            >
               
              SAVE CHANGES
               
            </button>
            <button
              className="action-button action-button-undo"
              disabled={undefined}
              onClick={[Function]}
            >
               
              UNDO CHANGES
               
            </button>
            <button
              className="action-button action-button-delete"
              disabled={undefined}
              onClick={[Function]}
            >
               
              DELETE SONG
               
            </button>
          </div>
        </div>,
        "_debugID": 2,
        "_renderedOutput": <div
          className="ToolbarComponent"
        >
          <h1>
            Options
          </h1>
          <button
            className="action-button action-button-replay"
            disabled={undefined}
            onClick={[Function]}
          >
             
            PLAY SONG
             
          </button>
          <div
            className="ToolbarComponent"
          >
            <button
              className="action-button action-button-save"
              disabled={undefined}
              onClick={[Function]}
            >
               
              SAVE CHANGES
               
            </button>
            <button
              className="action-button action-button-undo"
              disabled={undefined}
              onClick={[Function]}
            >
               
              UNDO CHANGES
               
            </button>
            <button
              className="action-button action-button-delete"
              disabled={undefined}
              onClick={[Function]}
            >
               
              DELETE SONG
               
            </button>
          </div>
        </div>,
      },
      "_renderedNodeType": 0,
      "_rootNodeID": 0,
      "_topLevelWrapper": null,
      "_updateBatchNumber": null,
      "_warnedAboutRefsInRender": false,
    },
    "getRenderOutput": [Function],
    "render": [Function],
  },
  "root": [Circular],
  "unrendered": <ToolbarComponent
    data={Array []}
    onClear={[Function]}
    onDelete={[Function]}
    onReplay={[Function]}
    onSave={[Function]}
    song={
      Object {
        "id": 101,
        "info": Object {
          "description": "just some song",
          "title": "abacus",
        },
        "melody": Array [
          Array [
            "C5",
            0,
            0,
            0,
            0,
            0,
            0,
            0,
            "C5",
            0,
            0,
            0,
            0,
            0,
            0,
            0,
          ],
          Array [
            0,
            0,
            0,
            0,
            0,
            0,
            0,
            "D4",
            "D4",
            "D4",
            0,
            0,
            0,
            0,
            0,
            0,
          ],
          Array [
            0,
            0,
            0,
            0,
            0,
            0,
            "E4",
            0,
            "E4",
            0,
            "E4",
            0,
            0,
            0,
            0,
            0,
          ],
          Array [
            0,
            0,
            0,
            0,
            0,
            "F4",
            0,
            0,
            "F4",
            0,
            0,
            "F4",
            0,
            0,
            0,
            0,
          ],
          Array [
            0,
            0,
            0,
            0,
            "G4",
            0,
            0,
            0,
            "G4",
            0,
            0,
            0,
            "G4",
            0,
            0,
            0,
          ],
          Array [
            0,
            0,
            0,
            0,
            0,
            0,
            0,
            0,
            "A4",
            0,
            0,
            0,
            0,
            0,
            0,
            0,
          ],
          Array [
            0,
            0,
            0,
            0,
            0,
            0,
            0,
            0,
            "B4",
            0,
            0,
            0,
            0,
            0,
            0,
            0,
          ],
          Array [
            0,
            0,
            0,
            0,
            0,
            0,
            0,
            0,
            "C4",
            0,
            0,
            0,
            0,
            0,
            0,
            0,
          ],
          Array [
            0,
            0,
            0,
            0,
            0,
            0,
            0,
            0,
            "D3",
            0,
            0,
            0,
            0,
            0,
            0,
            0,
          ],
          Array [
            0,
            0,
            0,
            0,
            0,
            0,
            0,
            0,
            "E3",
            0,
            0,
            0,
            0,
            0,
            0,
            0,
          ],
          Array [
            0,
            0,
            0,
            0,
            0,
            0,
            0,
            0,
            "F3",
            0,
            0,
            0,
            0,
            0,
            0,
            0,
          ],
          Array [
            0,
            0,
            0,
            0,
            0,
            0,
            0,
            0,
            "G3",
            0,
            0,
            0,
            0,
            0,
            0,
            0,
          ],
          Array [
            0,
            0,
            0,
            0,
            0,
            0,
            0,
            0,
            "A3",
            0,
            0,
            0,
            0,
            0,
            0,
            0,
          ],
          Array [
            0,
            0,
            0,
            0,
            0,
            0,
            0,
            0,
            "B3",
            0,
            0,
            0,
            0,
            0,
            0,
            0,
          ],
          Array [
            0,
            0,
            0,
            0,
            0,
            0,
            0,
            0,
            "C3",
            0,
            0,
            0,
            0,
            0,
            0,
            0,
          ],
        ],
      }
    }
    songId={101}
  />,
}
`;
